
> next-platform@0.1.0 build
> next build

  ▲ Next.js 14.2.16
  - Environments: .env.local, .env

   Creating an optimized production build ...
 ○ (pwa) PWA support is disabled.
node.exe : Failed to 
compile.
At line:1 char:1
+ & "C:\Program Files
\nodejs/node.exe" 
"C:\Program 
Files\nodejs/node_mo 
...
+ ~~~~~~~~~~~~~~~~~~~
~~~~~~~~~~~~~~~~~~~~~
~~~~~~~~~~~~~~~~~~~~~
~~~~~~~~
    + CategoryInfo   
           : NotSpe  
  cified: (Failed    
 to compile.:Stri    
ng) [], RemoteEx    
ception
    + FullyQualified 
   ErrorId : Native  
  CommandError
 

./src/components/stor
e/settings/StoreProfi
leTab.tsx
Error: 
  [31mx[0m 
Unexpected token 
`form`. Expected jsx 
identifier
     ,-[[36;1;4mD:\w
ww\social-commerce-hu
b-main\src\components
\store\settings\Store
ProfileTab.tsx[0m:98
:1]
 [2m 98[0m |     };
 [2m 99[0m | 
 [2m100[0m |     
return (
 [2m101[0m |       
  <form onSubmit={han
dleSubmit} className=
"space-y-6">
     : [31;1m       
  ^^^^[0m
 [2m102[0m |       
      {/* Logo 
Upload */}
 [2m103[0m |       
      <div className=
"space-y-2">
 [2m103[0m |       
          
<Label>{language === 
'ar' ? 'شعار المتجر' 
: 'Store 
Logo'}</Label>
     `----

Caused by:
    Syntax Error

Import trace for 
requested module:
./src/components/stor
e/settings/StoreProfi
leTab.tsx
./src/components/stor
e/settings/GeneralTab
.tsx
./src/components/stor
e/settings/StoreSetti
ngsForm.tsx
./src/app/dashboard/[
storeId]/settings/pag
e.tsx


> Build failed 
because of webpack 
errors
