  ▲ Next.js 14.2.16
  - Environments: .env.local, .env

   Creating an optimized production build ...
 ○ (pwa) PWA support is disabled.
 ✓ Compiled successfully
   Skipping validation of types
   Skipping linting
   Collecting page data ...
   Generating static pages (0/39) ...
node.exe : 
[check-slug] 
Unexpected error: B 
[Error]: Dynamic 
server usage: Route 
/api/auth/check-slug 
couldn't be rendered 
statically because it 
used `nextUrl.searchPa
rams`. See more info 
here: https://nextjs.o
rg/docs/messages/dynam
ic-server-error
At line:1 char:1
+ & "C:\Program Files\
nodejs/node.exe" 
"C:\Program 
Files\nodejs/node_mo 
...
+ ~~~~~~~~~~~~~~~~~~~~
~~~~~~~~~~~~~~~~~~~~~~
~~~~~~~~~~~~~~~~~~~~~~
~~~~~
    + CategoryInfo    
          : NotSpeci  
  fied: ([check-slu   
 g] Un...ic-server    
-error:String) []    
, RemoteException
    + FullyQualifiedE 
   rrorId : NativeCo  
  mmandError
 
    at V (D:\www\socia
l-commerce-hub-main\no
de_modules\next\dist\c
ompiled\next-server\ap
p-route.runtime.prod.j
s:6:21777)
    at Object.get (D:\
www\social-commerce-hu
b-main\node_modules\ne
xt\dist\compiled\next-
server\app-route.runti
me.prod.js:6:28809)
    at u (D:\www\socia
l-commerce-hub-main\.n
ext\server\app\api\aut
h\check-slug\route.js:
1:542)
    at D:\www\social-c
ommerce-hub-main\node_
modules\next\dist\comp
iled\next-server\app-r
oute.runtime.prod.js:6
:37016
    at D:\www\social-c
ommerce-hub-main\node_
modules\next\dist\serv
er\lib\trace\tracer.js
:140:36
    at NoopContextMana
ger.with (D:\www\socia
l-commerce-hub-main\no
de_modules\next\dist\c
ompiled\@opentelemetry
\api\index.js:1:7062)
    at 
ContextAPI.with (D:\ww
w\social-commerce-hub-
main\node_modules\next
\dist\compiled\@opente
lemetry\api\index.js:1
:518)
    at NoopTracer.star
tActiveSpan (D:\www\so
cial-commerce-hub-main
\node_modules\next\dis
t\compiled\@openteleme
try\api\index.js:1:180
93)
    at ProxyTracer.sta
rtActiveSpan (D:\www\s
ocial-commerce-hub-mai
n\node_modules\next\di
st\compiled\@opentelem
etry\api\index.js:1:18
854)
    at D:\www\social-c
ommerce-hub-main\node_
modules\next\dist\serv
er\lib\trace\tracer.js
:122:103 {
  description: "Route 
/api/auth/check-slug 
couldn't be rendered 
statically because it 
used `nextUrl.searchPa
rams`. See more info 
here: https://nextjs.o
rg/docs/messages/dynam
ic-server-error",
  digest: 
'DYNAMIC_SERVER_USAGE'
}
   Generating static pages (9/39) 
   Generating static pages (19/39) 
   Generating static pages (29/39) 
 ✓ Generating static pages (39/39)
   Finalizing page optimization ...
   Collecting build traces ...

Route (app)                                    Size     First Load JS
┌ ○ /                                          11.8 kB         190 kB
├ ○ /_not-found                                880 B            89 kB
├ ○ /admin                                     3.62 kB         263 kB
├ ○ /admin/active_stores                       9.64 kB         213 kB
├ ○ /admin/copyright-requests                  10.2 kB         197 kB
├ ○ /admin/login                               4.32 kB        99.9 kB
├ ○ /admin/plans                               10 kB           210 kB
├ ○ /admin/recharge_requests                   9.21 kB         188 kB
├ ○ /admin/recharge-requests                   10.7 kB         197 kB
├ ○ /admin/stores                              8.14 kB         218 kB
├ ○ /admin/subscription-requests               10.9 kB         183 kB
├ ○ /admin/subscriptions                       8.07 kB         210 kB
├ ○ /admin/users                               4.31 kB         223 kB
├ ○ /admin/wallet-settings                     10.1 kB         177 kB
├ ƒ /api/admin/copyright-requests              0 B                0 B
├ ƒ /api/admin/login                           0 B                0 B
├ ƒ /api/admin/logout                          0 B                0 B
├ ƒ /api/admin/me                              0 B                0 B
├ ƒ /api/admin/users/delete                    0 B                0 B
├ ƒ /api/ai                                    0 B                0 B
├ ƒ /api/auth/check-slug                       0 B                0 B
├ ƒ /api/auth/register                         0 B                0 B
├ ƒ /api/auth/send-otp                         0 B                0 B
├ ƒ /api/auth/verify-otp                       0 B                0 B
├ ƒ /api/integrations/google-sheets/sync       0 B                0 B
├ ƒ /api/integrations/google-sheets/test       0 B                0 B
├ ƒ /api/revalidate                            0 B                0 B
├ ƒ /auth/callback                             0 B                0 B
├ ○ /dashboard                                 5.24 kB         183 kB
├ ƒ /dashboard/[storeId]                       14.5 kB         283 kB
├ ƒ /dashboard/[storeId]/affiliates/payouts    4.4 kB          177 kB
├ ƒ /dashboard/[storeId]/analytics             2.49 kB         169 kB
├ ƒ /dashboard/[storeId]/carts                 3.36 kB         165 kB
├ ƒ /dashboard/[storeId]/categories            7.53 kB         184 kB
├ ƒ /dashboard/[storeId]/coupons               4.56 kB         213 kB
├ ƒ /dashboard/[storeId]/coupons/new           7.28 kB         201 kB
├ ƒ /dashboard/[storeId]/customers             6.43 kB         170 kB
├ ƒ /dashboard/[storeId]/editor                39.5 kB         256 kB
├ ƒ /dashboard/[storeId]/integrations          5.85 kB         214 kB
├ ƒ /dashboard/[storeId]/marketing/affiliates  8.15 kB         185 kB
├ ƒ /dashboard/[storeId]/marketing/loyalty     7.95 kB         174 kB
├ ƒ /dashboard/[storeId]/orders                34.6 kB         241 kB
├ ƒ /dashboard/[storeId]/orders/abandoned      3.38 kB         168 kB
├ ƒ /dashboard/[storeId]/products              16.6 kB         238 kB
├ ƒ /dashboard/[storeId]/settings              17.7 kB         231 kB
├ ƒ /dashboard/[storeId]/settings/billing      5.76 kB         171 kB
├ ƒ /dashboard/[storeId]/team                  10.4 kB         206 kB
├ ƒ /dashboard/[storeId]/wallet                13.5 kB         188 kB
├ ○ /dashboard/new-store                       5.94 kB         162 kB
├ ○ /email-verify                              7.87 kB         164 kB
├ ○ /login                                     2.49 kB         195 kB
├ ○ /manifest.webmanifest                      0 B                0 B
├ ƒ /s/[storeSlug]                             4.83 kB         100 kB
├ ƒ /s/[storeSlug]/cart                        6.22 kB         170 kB
├ ƒ /s/[storeSlug]/checkout                    3.24 kB         170 kB
├ ƒ /s/[storeSlug]/login                       7.36 kB         194 kB
├ ƒ /s/[storeSlug]/p/[productId]               10.6 kB         185 kB
├ ƒ /s/[storeSlug]/products                    7.35 kB         182 kB
├ ○ /select-plan                               11.8 kB         179 kB
├ ○ /signup                                    44.9 kB         237 kB
├ ○ /sso                                       1.97 kB         145 kB
├ ƒ /store-suspended                           180 B          95.1 kB
└ ○ /subscription-success                      3.1 kB          111 kB
+ First Load JS shared by all                  88.1 kB
  ├ chunks/2117-3bab7610332e957f.js            31.8 kB
  ├ chunks/fd9d1056-71105fac1134b927.js        53.6 kB
  └ other shared chunks (total)                2.72 kB


ƒ Middleware                                   75.9 kB

○  (Static)   prerendered as static content
ƒ  (Dynamic)  server-rendered on demand

