
> next-platform@0.1.0 build
> next build

  ▲ Next.js 14.2.16
  - Environments: .env.local, .env

   Creating an optimized production build ...
 ○ (pwa) PWA support is disabled.
 ✓ Compiled successfully
   Skipping validation of types
   Skipping linting
   Collecting page data ...
node.exe :  ⚠ Using edge runtime on a page currently disables static generation 
for that page
At line:1 char:1
+ & "C:\Program Files\nodejs/node.exe" "C:\Program Files\nodejs/node_mo ...
+ ~~~~~~~~~~~~~~~~~~~~~~~~~~~~~~~~~~~~~~~~~~~~~~~~~~~~~~~~~~~~~~~~~~~~~
    + CategoryInfo          : NotSpecified: ( ⚠ Using edge r...n for that page:S 
   tring) [], RemoteException
    + FullyQualifiedErrorId : NativeCommandError
 
   Generating static pages (0/47) ...
   Generating static pages (11/47) 
   Generating static pages (23/47) 
ReferenceError: document is not defined
    at D:\www\social-commerce-hub-main\.next\server\chunks\4695.js:1:9073
    at 64286 (D:\www\social-commerce-hub-main\.next\server\chunks\4695.js:1:9321)
    at t (D:\www\social-commerce-hub-main\.next\server\webpack-runtime.js:1:142)
    at 7959 (D:\www\social-commerce-hub-main\.next\server\app\admin\(dashboard)\t
utorials\page.js:1:27656)
    at t (D:\www\social-commerce-hub-main\.next\server\webpack-runtime.js:1:142)
    at 59501 (D:\www\social-commerce-hub-main\.next\server\app\admin\(dashboard)\
tutorials\page.js:1:12609)
    at Object.t [as require] 
(D:\www\social-commerce-hub-main\.next\server\webpack-runtime.js:1:142)
    at require (D:\www\social-commerce-hub-main\node_modules\next\dist\compiled\n
ext-server\app-page.runtime.prod.js:16:18669)
    at i (D:\www\social-commerce-hub-main\node_modules\next\dist\compiled\next-se
rver\app-page.runtime.prod.js:12:88294)
    at D:\www\social-commerce-hub-main\node_modules\next\dist\compiled\next-serve
r\app-page.runtime.prod.js:12:98817 {
  digest: '1370036544'
}

Error occurred prerendering page "/admin/tutorials". Read more: 
https://nextjs.org/docs/messages/prerender-error

ReferenceError: document is not defined
    at D:\www\social-commerce-hub-main\.next\server\chunks\4695.js:1:9073
    at 64286 (D:\www\social-commerce-hub-main\.next\server\chunks\4695.js:1:9321)
    at t (D:\www\social-commerce-hub-main\.next\server\webpack-runtime.js:1:142)
    at 7959 (D:\www\social-commerce-hub-main\.next\server\app\admin\(dashboard)\t
utorials\page.js:1:27656)
    at t (D:\www\social-commerce-hub-main\.next\server\webpack-runtime.js:1:142)
    at 59501 (D:\www\social-commerce-hub-main\.next\server\app\admin\(dashboard)\
tutorials\page.js:1:12609)
    at Object.t [as require] 
(D:\www\social-commerce-hub-main\.next\server\webpack-runtime.js:1:142)
    at require (D:\www\social-commerce-hub-main\node_modules\next\dist\compiled\n
ext-server\app-page.runtime.prod.js:16:18669)
    at i (D:\www\social-commerce-hub-main\node_modules\next\dist\compiled\next-se
rver\app-page.runtime.prod.js:12:88294)
    at D:\www\social-commerce-hub-main\node_modules\next\dist\compiled\next-serve
r\app-page.runtime.prod.js:12:98817
   Generating static pages (35/47) 
 ✓ Generating static pages (47/47)

> Export encountered errors on following paths:
	/admin/(dashboard)/tutorials/page: /admin/tutorials
