error TS6053: File 'src/app/dashboard/[storeId/]/theme-customizer/page.tsx' not found.
  The file is in the program because:
    Root file specified for compilation
