src/app/s/[storeSlug]/checkout/success/page.tsx(39,9): error TS2322: Type '{ id: any; order_number: any; total: any; currency: any; status: any; customer_snapshot: any; created_at: any; shipping_cost: any; subtotal: any; discount_amount: any; } | null' is not assignable to type 'null'.
  Type '{ id: any; order_number: any; total: any; currency: any; status: any; customer_snapshot: any; created_at: any; shipping_cost: any; subtotal: any; discount_amount: any; }' is not assignable to type 'null'.
test-db.ts(15,13): error TS2339: Property 'latestUser' does not exist on type '{}'.
test-db.ts(25,13): error TS2339: Property 'latestStore' does not exist on type '{}'.
test-db.ts(27,13): error TS2339: Property 'walletTxs' does not exist on type '{}'.
test-db.ts(30,13): error TS2339: Property 'subscriptions' does not exist on type '{}'.
